apiVersion: template.openshift.io/v1
kind: Template
objects:
- apiVersion: image.openshift.io/v1
  kind: ImageStream
  metadata:
    labels:
      app: foo-bar
    name: bar
  spec:
    dockerImageRepository: bar
    lookupPolicy:
      local: false
