apiVersion: v1
data:
  bar: '*****'
kind: Secret
metadata:
  annotations: {}
  labels:
    app: bar
  name: bar
