--- Current State (OpenShift cluster)
+++ Desired State (Processed template)
@@ -1,6 +1,8 @@
 apiVersion: v1
 kind: ImageStream
 metadata:
+  annotations:
+    bar: baz
   name: foo
 spec:
   dockerImageRepository: foo
