Only annotations used by Tailor internally differ. Updating the resource is recommended, but not required. Use --diff=json to see the exact changes.
