apiVersion: v1
kind: ImageStream
metadata:
  annotations:
    foo: bar
  name: foo
spec:
  dockerImageRepository: foo
  lookupPolicy:
    local: false
